[demo.egenslab.com/html/tourxpro/demo/index4.html]
[backblue.gif]
[fade.gif]
[index4.html]
[demo.egenslab.com/html/tourxpro/demo/assets/images/favicon.png]
[demo.egenslab.com/html/tourxpro/demo/assets/css/select2.min.css]
[demo.egenslab.com/html/tourxpro/demo/assets/css/jquery.fancybox.min.css]
[demo.egenslab.com/html/tourxpro/demo/assets/css/boxicons.min.css]
[demo.egenslab.com/html/tourxpro/demo/assets/css/swiper-bundle.min.css]
[demo.egenslab.com/html/tourxpro/demo/assets/css/bootstrap.min.css]
[demo.egenslab.com/html/tourxpro/demo/assets/css/animate.min.css]
[demo.egenslab.com/html/tourxpro/demo/assets/css/style.css]
[demo.egenslab.com/html/tourxpro/demo/assets/css/responsive.css]
[demo.egenslab.com/html/tourxpro/demo/package.html]
[demo.egenslab.com/html/tourxpro/demo/assets/images/icons/cate1.svg]
[demo.egenslab.com/html/tourxpro/demo/assets/images/icons/cate2.svg]
[demo.egenslab.com/html/tourxpro/demo/assets/images/icons/cate3.svg]
[demo.egenslab.com/html/tourxpro/demo/assets/images/icons/cate4.svg]
[demo.egenslab.com/html/tourxpro/demo/assets/images/icons/cate5.svg]
[demo.egenslab.com/html/tourxpro/demo/assets/images/icons/cate6.svg]
[demo.egenslab.com/html/tourxpro/demo/assets/images/icons/cate7.svg]
[demo.egenslab.com/html/tourxpro/demo/assets/images/logo.png]
[demo.egenslab.com/html/tourxpro/demo/index2.html]
[demo.egenslab.com/html/tourxpro/demo/index3.html]
[demo.egenslab.com/html/tourxpro/demo/index4.html]
[demo.egenslab.com/html/tourxpro/demo/about.html]
[demo.egenslab.com/html/tourxpro/demo/destination.html]
[demo.egenslab.com/html/tourxpro/demo/destination-details.html]
[demo.egenslab.com/html/tourxpro/demo/package-sidebar.html]
[demo.egenslab.com/html/tourxpro/demo/package-standard.html]
[demo.egenslab.com/html/tourxpro/demo/package-details.html]
[demo.egenslab.com/html/tourxpro/demo/blog.html]
[demo.egenslab.com/html/tourxpro/demo/blog-sidebar.html]
[demo.egenslab.com/html/tourxpro/demo/blog-standard.html]
[demo.egenslab.com/html/tourxpro/demo/blog-details.html]
[demo.egenslab.com/html/tourxpro/demo/guide.html]
[demo.egenslab.com/html/tourxpro/demo/gallary.html]
[demo.egenslab.com/html/tourxpro/demo/faq.html]
[demo.egenslab.com/html/tourxpro/demo/404.html]
[demo.egenslab.com/html/tourxpro/demo/contact.html]
[demo.egenslab.com/html/tourxpro/demo/assets/images/banner/bg-highlight1.png]
[demo.egenslab.com/html/tourxpro/demo/assets/images/banner/bg-highlight2.png]
[demo.egenslab.com/html/tourxpro/demo/assets/images/banner/bg-highlight3.png]
[demo.egenslab.com/html/tourxpro/demo/assets/images/package/p-alpha1.png]
[demo.egenslab.com/html/tourxpro/demo/assets/images/package/p-alpha2.png]
[demo.egenslab.com/html/tourxpro/demo/assets/images/package/p-alpha3.png]
[demo.egenslab.com/html/tourxpro/demo/assets/images/package/p-alpha4.png]
[demo.egenslab.com/html/tourxpro/demo/assets/images/package/p-alpha5.png]
[demo.egenslab.com/html/tourxpro/demo/assets/images/package/p-alpha6.png]
[demo.egenslab.com/html/tourxpro/demo/assets/images/destination/dest-4.png]
[demo.egenslab.com/html/tourxpro/demo/assets/images/destination/dest-2.png]
[demo.egenslab.com/html/tourxpro/demo/assets/images/destination/dest-3.png]
[demo.egenslab.com/html/tourxpro/demo/assets/images/icons/counter-icon2.svg]
[demo.egenslab.com/html/tourxpro/demo/assets/images/icons/counter-icon3.svg]
[demo.egenslab.com/html/tourxpro/demo/assets/images/icons/counter-icon1.svg]
[demo.egenslab.com/html/tourxpro/demo/assets/images/icons/counter-icon4.svg]
[demo.egenslab.com/html/tourxpro/demo/assets/images/gallary/g-xl1.png]
[demo.egenslab.com/html/tourxpro/demo/assets/images/gallary/g-md1.png]
[demo.egenslab.com/html/tourxpro/demo/assets/images/gallary/g-sm1.png]
[demo.egenslab.com/html/tourxpro/demo/assets/images/gallary/g-sm2.png]
[demo.egenslab.com/html/tourxpro/demo/assets/images/gallary/g-md2.png]
[demo.egenslab.com/html/tourxpro/demo/assets/images/gallary/g-xl2.png]
[demo.egenslab.com/html/tourxpro/demo/assets/images/gallary/g-md3.png]
[demo.egenslab.com/html/tourxpro/demo/assets/images/reviewer/reviewer-1.png]
[demo.egenslab.com/html/tourxpro/demo/assets/images/reviewer/r-sm1.png]
[demo.egenslab.com/html/tourxpro/demo/assets/images/reviewer/r-sm2.png]
[demo.egenslab.com/html/tourxpro/demo/assets/images/reviewer/r-sm3.png]
[demo.egenslab.com/html/tourxpro/demo/assets/images/guide/guide-md3.png]
[demo.egenslab.com/html/tourxpro/demo/assets/images/guide/guide-m2.png]
[demo.egenslab.com/html/tourxpro/demo/assets/images/guide/guide-md1.png]
[demo.egenslab.com/html/tourxpro/demo/assets/images/blog/blog-md-1.png]
[demo.egenslab.com/html/tourxpro/demo/assets/images/blog/blog-md-2.png]
[demo.egenslab.com/html/tourxpro/demo/assets/images/blog/blog-md-3.png]
[demo.egenslab.com/html/tourxpro/demo/assets/images/banner/footer-bg.png]
[demo.egenslab.com/html/tourxpro/demo/assets/images/gallary/fg-1.png]
[demo.egenslab.com/html/tourxpro/demo/assets/images/gallary/fg-2.png]
[demo.egenslab.com/html/tourxpro/demo/assets/images/gallary/fg-3.png]
[demo.egenslab.com/html/tourxpro/demo/assets/images/gallary/fg-4.png]
[demo.egenslab.com/html/tourxpro/demo/assets/images/gallary/fg-5.png]
[demo.egenslab.com/html/tourxpro/demo/assets/images/gallary/fg-6.png]
[demo.egenslab.com/html/tourxpro/demo/assets/images/logo-w.png]
[demo.egenslab.com/cdn-cgi/scripts/5c5dd728/cloudflare-static/email-decode.min.js]
[demo.egenslab.com/html/tourxpro/demo/assets/js/jquery-3.6.0.min.js]
[demo.egenslab.com/html/tourxpro/demo/assets/js/bootstrap.bundle.min.js]
[demo.egenslab.com/html/tourxpro/demo/assets/js/chain_fade.js]
[demo.egenslab.com/html/tourxpro/demo/assets/js/owl.carousel.min.js]
[demo.egenslab.com/html/tourxpro/demo/assets/js/swiper-bundle.min.js]
[demo.egenslab.com/html/tourxpro/demo/assets/js/jquery.fancybox.min.js]
[demo.egenslab.com/html/tourxpro/demo/assets/js/select2.min.js]
[demo.egenslab.com/html/tourxpro/demo/assets/js/jquery-ui.js]
[demo.egenslab.com/html/tourxpro/demo/index4.html]
[demo.egenslab.com/html/tourxpro/demo/assets/css/select2.min.css]
[demo.egenslab.com/html/tourxpro/demo/assets/css/jquery.fancybox.min.css]
[demo.egenslab.com/html/tourxpro/demo/assets/js/main.js]
[demo.egenslab.com/html/tourxpro/demo/assets/fonts/boxicons.eot]
[demo.egenslab.com/html/tourxpro/demo/assets/fonts/boxicons.woff2]
[demo.egenslab.com/html/tourxpro/demo/assets/fonts/boxicons.woff]
[demo.egenslab.com/html/tourxpro/demo/assets/fonts/boxicons.ttf]
[demo.egenslab.com/html/tourxpro/demo/assets/css/boxicons.min.css]
[demo.egenslab.com/html/tourxpro/demo/assets/css/swiper-bundle.min.css]
[demo.egenslab.com/html/tourxpro/demo/assets/css/bootstrap.min.css]
[demo.egenslab.com/html/tourxpro/demo/assets/css/animate.min.css]
[demo.egenslab.com/html/tourxpro/demo/assets/fonts/boxiconsd41d.svg]
[cdn.jsdelivr.net/npm/bootstrap-icons@1.6.1/font/bootstrap-icons.css]
[demo.egenslab.com/html/tourxpro/demo/assets/fonts/helveticaneuebold.ttf]
[demo.egenslab.com/html/tourxpro/demo/assets/fonts/helveticaneueregular.ttf]
[demo.egenslab.com/html/tourxpro/demo/assets/images/banner/breadcrumb-bg.png]
[demo.egenslab.com/html/tourxpro/demo/assets/images/banner/hero-pagination-bg.png]
[demo.egenslab.com/html/tourxpro/demo/assets/images/banner/hero-bg1.png]
[demo.egenslab.com/html/tourxpro/demo/assets/images/banner/hero-two-bg.png]
[demo.egenslab.com/html/tourxpro/demo/assets/images/icons/list-style.svg]
[demo.egenslab.com/html/tourxpro/demo/assets/images/banner/home3-banner1.png]
[demo.egenslab.com/html/tourxpro/demo/assets/images/banner/home3-banner3.png]
[demo.egenslab.com/html/tourxpro/demo/assets/images/banner/banner41.png]
[demo.egenslab.com/html/tourxpro/demo/assets/images/banner/banner42.png]
[demo.egenslab.com/html/tourxpro/demo/assets/images/banner/newslatter-bg.png]
[demo.egenslab.com/html/tourxpro/demo/assets/images/banner/newslatter-bg2.png]
[demo.egenslab.com/html/tourxpro/demo/assets/images/banner/newslatter-bg3.png]
[demo.egenslab.com/html/tourxpro/demo/assets/images/shapes/testi-shape-group.png]
[demo.egenslab.com/html/tourxpro/demo/assets/images/reviewer/testi-bg.png]
[demo.egenslab.com/html/tourxpro/demo/assets/images/reviewer/review3-bg.png]
[demo.egenslab.com/html/tourxpro/demo/assets/images/package/upcoming-bg.png]
[demo.egenslab.com/html/tourxpro/demo/assets/images/banner/update-bg.png]
[demo.egenslab.com/html/tourxpro/demo/assets/css/style.css]
[demo.egenslab.com/html/tourxpro/demo/assets/css/responsive.css]
[demo.egenslab.com/html/tourxpro/demo/assets/images/package/p-alpha7.png]
[demo.egenslab.com/html/tourxpro/demo/assets/images/package/p-alpha8.png]
[demo.egenslab.com/html/tourxpro/demo/assets/images/package/p-alpha9.png]
[demo.egenslab.com/html/tourxpro/demo/assets/images/package/p-alpha10.png]
[demo.egenslab.com/html/tourxpro/demo/assets/images/package/p-alpha11.png]
[demo.egenslab.com/html/tourxpro/demo/package.html]
[demo.egenslab.com/html/tourxpro/demo/assets/images/icons/cate1.svg]
[demo.egenslab.com/html/tourxpro/demo/assets/images/icons/cate2.svg]
[demo.egenslab.com/html/tourxpro/demo/assets/images/icons/cate3.svg]
[demo.egenslab.com/html/tourxpro/demo/assets/images/icons/cate4.svg]
[demo.egenslab.com/html/tourxpro/demo/assets/images/icons/cate5.svg]
[demo.egenslab.com/html/tourxpro/demo/assets/images/icons/cate6.svg]
[demo.egenslab.com/html/tourxpro/demo/assets/images/icons/cate7.svg]
[demo.egenslab.com/html/tourxpro/demo/assets/images/banner/hero2-image-group.png]
[demo.egenslab.com/html/tourxpro/demo/assets/images/banner/hero2-image-group2.png]
[demo.egenslab.com/html/tourxpro/demo/assets/images/banner/hero2-image-group3.png]
[demo.egenslab.com/html/tourxpro/demo/assets/images/destination/des-sm1.png]
[demo.egenslab.com/html/tourxpro/demo/assets/images/destination/des-sm2.png]
[demo.egenslab.com/html/tourxpro/demo/assets/images/destination/des-sm3.png]
[demo.egenslab.com/html/tourxpro/demo/assets/images/destination/des-sm4.png]
[demo.egenslab.com/html/tourxpro/demo/assets/images/destination/des-sm5.png]
[demo.egenslab.com/html/tourxpro/demo/assets/images/destination/des-sm6.png]
[demo.egenslab.com/html/tourxpro/demo/assets/images/destination/des-sm7.png]
[demo.egenslab.com/html/tourxpro/demo/assets/images/destination/des-sm8.png]
[demo.egenslab.com/html/tourxpro/demo/assets/images/banner/map-bg.png]
[demo.egenslab.com/html/tourxpro/demo/assets/images/icons/qoute-icon.svg]
[demo.egenslab.com/html/tourxpro/demo/assets/images/reviewer/testti-thumb1.png]
[demo.egenslab.com/html/tourxpro/demo/assets/images/reviewer/testti-thumb2.png]
[demo.egenslab.com/html/tourxpro/demo/assets/images/guide/guide-md4.png]
[demo.egenslab.com/html/tourxpro/demo/assets/images/guide/guide-md5.png]
[demo.egenslab.com/html/tourxpro/demo/assets/images/guide/guide-md6.png]
[demo.egenslab.com/html/tourxpro/demo/assets/images/gallary/social1.png]
[demo.egenslab.com/html/tourxpro/demo/assets/images/gallary/social2.png]
[demo.egenslab.com/html/tourxpro/demo/assets/images/gallary/social3.png]
[demo.egenslab.com/html/tourxpro/demo/assets/images/gallary/social4.png]
[demo.egenslab.com/html/tourxpro/demo/assets/images/gallary/social5.png]
[demo.egenslab.com/html/tourxpro/demo/index2.html]
[demo.egenslab.com/html/tourxpro/demo/assets/images/icons/header-phone.svg]
[demo.egenslab.com/html/tourxpro/demo/assets/js/custom-swiper.js]
[demo.egenslab.com/html/tourxpro/demo/assets/images/banner/banner-plane.svg]
[demo.egenslab.com/html/tourxpro/demo/assets/images/package/best-s1.png]
[demo.egenslab.com/html/tourxpro/demo/assets/images/package/best-s2.png]
[demo.egenslab.com/html/tourxpro/demo/assets/images/package/best-s3.png]
[demo.egenslab.com/html/tourxpro/demo/assets/images/package/best-s4.png]
[demo.egenslab.com/html/tourxpro/demo/assets/images/package/best-s5.png]
[demo.egenslab.com/html/tourxpro/demo/assets/images/package/best-s6.png]
[demo.egenslab.com/html/tourxpro/demo/assets/images/destination/top-ds1.png]
[demo.egenslab.com/html/tourxpro/demo/assets/images/destination/top-ds2.png]
[demo.egenslab.com/html/tourxpro/demo/assets/images/destination/top-ds3.png]
[demo.egenslab.com/html/tourxpro/demo/assets/images/destination/top-ds4.png]
[demo.egenslab.com/html/tourxpro/demo/assets/images/destination/top-ds5.png]
[demo.egenslab.com/html/tourxpro/demo/assets/images/destination/top-ds6.png]
[demo.egenslab.com/html/tourxpro/demo/assets/images/destination/lastoffer1.png]
[demo.egenslab.com/html/tourxpro/demo/assets/images/destination/lastoffer2.png]
[demo.egenslab.com/html/tourxpro/demo/assets/images/destination/lastoffer3.png]
[demo.egenslab.com/html/tourxpro/demo/assets/images/destination/lastoffer4.png]
[demo.egenslab.com/html/tourxpro/demo/assets/images/destination/lastoffer5.png]
[demo.egenslab.com/html/tourxpro/demo/assets/images/destination/lastoffer6.png]
[demo.egenslab.com/html/tourxpro/demo/assets/images/icons/quote-review.svg]
[demo.egenslab.com/html/tourxpro/demo/assets/images/reviewer/testi31.png]
[demo.egenslab.com/html/tourxpro/demo/assets/images/reviewer/testi32.png]
[demo.egenslab.com/html/tourxpro/demo/assets/images/reviewer/testi33.png]
[demo.egenslab.com/html/tourxpro/demo/assets/images/guide/guide31.png]
[demo.egenslab.com/html/tourxpro/demo/assets/images/guide/guide32.png]
[demo.egenslab.com/html/tourxpro/demo/assets/images/guide/guide33.png]
[demo.egenslab.com/html/tourxpro/demo/assets/images/blog/home3-blog1.png]
[demo.egenslab.com/html/tourxpro/demo/assets/images/blog/home3-blog2.png]
[demo.egenslab.com/html/tourxpro/demo/assets/images/blog/home3-blog3.png]
[demo.egenslab.com/html/tourxpro/demo/index3.html]
[demo.egenslab.com/html/tourxpro/demo/assets/images/banner/banner-star1.svg]
[demo.egenslab.com/html/tourxpro/demo/assets/images/banner/banner-star2.svg]
[demo.egenslab.com/html/tourxpro/demo/index4.html]
[demo.egenslab.com/html/tourxpro/demo/assets/images/banner/banner-star3.svg]
[demo.egenslab.com/html/tourxpro/demo/assets/images/about/about-g2.png]
[demo.egenslab.com/html/tourxpro/demo/assets/images/about/about-g1.png]
[demo.egenslab.com/html/tourxpro/demo/assets/images/about/about-g3.png]
[demo.egenslab.com/html/tourxpro/demo/assets/images/about/about-image-group2.png]
[demo.egenslab.com/html/tourxpro/demo/about.html]
[demo.egenslab.com/html/tourxpro/demo/assets/images/destination/des-sm9.png]
[demo.egenslab.com/html/tourxpro/demo/destination.html]
[demo.egenslab.com/html/tourxpro/demo/assets/images/destination/dd-thumb.png]
[demo.egenslab.com/html/tourxpro/demo/assets/images/destination/dd-img1.png]
[demo.egenslab.com/html/tourxpro/demo/assets/images/destination/dd-img2.png]
[demo.egenslab.com/html/tourxpro/demo/assets/images/gallary/sb-gallary-1.png]
[demo.egenslab.com/html/tourxpro/demo/assets/images/gallary/sb-gallary-2.png]
[demo.egenslab.com/html/tourxpro/demo/assets/images/gallary/sb-gallary-3.png]
[demo.egenslab.com/html/tourxpro/demo/assets/images/gallary/sb-gallary-4.png]
[demo.egenslab.com/html/tourxpro/demo/assets/images/gallary/sb-gallary-5.png]
[demo.egenslab.com/html/tourxpro/demo/assets/images/gallary/sb-gallary-6.png]
[demo.egenslab.com/html/tourxpro/demo/assets/images/banner/sidebar-banner.png]
[demo.egenslab.com/html/tourxpro/demo/destination-details.html]
[demo.egenslab.com/html/tourxpro/demo/assets/images/package/package-sm4.png]
[demo.egenslab.com/html/tourxpro/demo/assets/images/package/package-sm3.png]
[demo.egenslab.com/html/tourxpro/demo/assets/images/package/package-sm2.png]
[demo.egenslab.com/html/tourxpro/demo/assets/images/package/package-sm1.png]
[demo.egenslab.com/html/tourxpro/demo/package-sidebar.html]
[demo.egenslab.com/html/tourxpro/demo/assets/images/package/p-gumma1.png]
[demo.egenslab.com/html/tourxpro/demo/assets/images/package/p-gumma2.png]
[demo.egenslab.com/html/tourxpro/demo/assets/images/package/p-gumma3.png]
[demo.egenslab.com/html/tourxpro/demo/assets/images/package/p-gumma4.png]
[demo.egenslab.com/html/tourxpro/demo/assets/images/package/p-gumma5.png]
[demo.egenslab.com/html/tourxpro/demo/assets/images/package/p-gumma6.png]
[demo.egenslab.com/html/tourxpro/demo/package-standard.html]
[demo.egenslab.com/html/tourxpro/demo/assets/images/icons/pd1.svg]
[demo.egenslab.com/html/tourxpro/demo/assets/images/icons/pd2.svg]
[demo.egenslab.com/html/tourxpro/demo/assets/images/icons/pd3.svg]
[demo.egenslab.com/html/tourxpro/demo/assets/images/icons/pd4.svg]
[demo.egenslab.com/html/tourxpro/demo/assets/images/package/pd-thumb.png]
[demo.egenslab.com/html/tourxpro/demo/assets/images/package/feat-img1.png]
[demo.egenslab.com/html/tourxpro/demo/assets/images/package/feat-img2.png]
[demo.egenslab.com/html/tourxpro/demo/assets/images/package/feat-img3.png]
[demo.egenslab.com/html/tourxpro/demo/assets/images/icons/bus.svg]
[demo.egenslab.com/html/tourxpro/demo/assets/images/reviewer/commertor2.png]
[demo.egenslab.com/html/tourxpro/demo/assets/images/reviewer/commertor3.png]
[demo.egenslab.com/html/tourxpro/demo/assets/images/reviewer/commertor1.png]
[demo.egenslab.com/html/tourxpro/demo/assets/images/gallary/pgl-1.png]
[demo.egenslab.com/html/tourxpro/demo/assets/images/gallary/pgl-2.png]
[demo.egenslab.com/html/tourxpro/demo/assets/images/gallary/pgx-1.png]
[demo.egenslab.com/html/tourxpro/demo/assets/images/gallary/pgl-3.png]
[demo.egenslab.com/html/tourxpro/demo/assets/images/gallary/pgl-4.png]
[demo.egenslab.com/html/tourxpro/demo/assets/images/gallary/pgx-2.png]
[demo.egenslab.com/html/tourxpro/demo/assets/images/gallary/pgl-5.png]
[demo.egenslab.com/html/tourxpro/demo/assets/images/gallary/pgl-6.png]
[demo.egenslab.com/html/tourxpro/demo/assets/images/gallary/pgx-3.png]
[demo.egenslab.com/html/tourxpro/demo/package-details.html]
[demo.egenslab.com/html/tourxpro/demo/assets/images/blog/blog-md-4.png]
[demo.egenslab.com/html/tourxpro/demo/assets/images/blog/blog-md-5.png]
[demo.egenslab.com/html/tourxpro/demo/assets/images/blog/blog-md-6.png]
[demo.egenslab.com/html/tourxpro/demo/assets/images/blog/blog-md-7.png]
[demo.egenslab.com/html/tourxpro/demo/assets/images/blog/blog-md-8.png]
[demo.egenslab.com/html/tourxpro/demo/assets/images/blog/blog-md-9.png]
[demo.egenslab.com/html/tourxpro/demo/assets/images/blog/blog-md-10.png]
[demo.egenslab.com/html/tourxpro/demo/assets/images/blog/blog-md-11.png]
[demo.egenslab.com/html/tourxpro/demo/assets/images/blog/blog-md-12.png]
[demo.egenslab.com/html/tourxpro/demo/blog.html]
[demo.egenslab.com/html/tourxpro/demo/assets/images/blog/blog-thumb-sm1.png]
[demo.egenslab.com/html/tourxpro/demo/assets/images/blog/blog-thumb-sm2.png]
[demo.egenslab.com/html/tourxpro/demo/assets/images/blog/blog-thumb-sm3.png]
[demo.egenslab.com/html/tourxpro/demo/assets/images/blog/blog-thumb-sm4.png]
[demo.egenslab.com/html/tourxpro/demo/blog-sidebar.html]
[demo.egenslab.com/html/tourxpro/demo/assets/images/blog/blog-thumb-xl1.png]
[demo.egenslab.com/html/tourxpro/demo/assets/images/blog/blog-thumb-xl2.png]
[demo.egenslab.com/html/tourxpro/demo/assets/images/blog/blog-thumb-xl3.png]
[demo.egenslab.com/html/tourxpro/demo/assets/images/blog/blog-thumb-xl4.png]
[demo.egenslab.com/html/tourxpro/demo/blog-standard.html]
[demo.egenslab.com/html/tourxpro/demo/assets/images/icons/blogquote.svg]
[demo.egenslab.com/html/tourxpro/demo/assets/images/blog/blog-d-inner.png]
[demo.egenslab.com/html/tourxpro/demo/blog-details.html]
[demo.egenslab.com/html/tourxpro/demo/assets/images/guide/guide-md7.png]
[demo.egenslab.com/html/tourxpro/demo/assets/images/guide/guide-md8.png]
[demo.egenslab.com/html/tourxpro/demo/assets/images/guide/guide-md9.png]
[demo.egenslab.com/html/tourxpro/demo/assets/images/guide/guide-md10.png]
[demo.egenslab.com/html/tourxpro/demo/assets/images/guide/guide-md11.png]
[demo.egenslab.com/html/tourxpro/demo/assets/images/guide/guide-md12.png]
[demo.egenslab.com/html/tourxpro/demo/assets/images/guide/guide-md15.png]
[demo.egenslab.com/html/tourxpro/demo/guide.html]
[demo.egenslab.com/html/tourxpro/demo/assets/images/gallary/g-11.png]
[demo.egenslab.com/html/tourxpro/demo/assets/images/gallary/g-12.png]
[demo.egenslab.com/html/tourxpro/demo/assets/images/gallary/g-13.png]
[demo.egenslab.com/html/tourxpro/demo/assets/images/gallary/g-sm3.png]
[demo.egenslab.com/html/tourxpro/demo/assets/images/gallary/g-sm4.png]
[demo.egenslab.com/html/tourxpro/demo/assets/images/gallary/g-16.png]
[demo.egenslab.com/html/tourxpro/demo/assets/images/gallary/g-xl4.png]
[demo.egenslab.com/html/tourxpro/demo/assets/images/gallary/g-15.png]
[demo.egenslab.com/html/tourxpro/demo/assets/images/gallary/g-xl3.png]
[demo.egenslab.com/html/tourxpro/demo/assets/images/gallary/g-14.png]
[demo.egenslab.com/html/tourxpro/demo/gallary.html]
[demo.egenslab.com/html/tourxpro/demo/faq.html]
[demo.egenslab.com/html/tourxpro/demo/assets/images/shapes/error-vactor.png]
[demo.egenslab.com/html/tourxpro/demo/404.html]
[demo.egenslab.com/html/tourxpro/demo/assets/images/banner/contact-bg.png]
[demo.egenslab.com/html/tourxpro/demo/contact.html]
[demo.egenslab.com/html/tourxpro/demo/assets/images/icons/counter-icon2.svg]
[demo.egenslab.com/html/tourxpro/demo/assets/images/icons/counter-icon3.svg]
[demo.egenslab.com/html/tourxpro/demo/assets/images/icons/counter-icon1.svg]
[demo.egenslab.com/html/tourxpro/demo/assets/images/icons/counter-icon4.svg]
[demo.egenslab.com/html/tourxpro/demo/assets/fonts/boxiconsd41d.svg]
[cdn.jsdelivr.net/npm/bootstrap-icons@1.6.1/font/fonts/bootstrap-icons4fee.woff2]
[cdn.jsdelivr.net/npm/bootstrap-icons@1.6.1/font/fonts/bootstrap-icons4fee.woff]
[cdn.jsdelivr.net/npm/bootstrap-icons@1.6.1/font/bootstrap-icons.css]
[demo.egenslab.com/html/tourxpro/demo/assets/images/icons/list-style.svg]
[demo.egenslab.com/html/tourxpro/demo/assets/images/icons/qoute-icon.svg]
[demo.egenslab.com/html/tourxpro/demo/assets/images/icons/header-phone.svg]
[demo.egenslab.com/html/tourxpro/demo/assets/images/banner/banner-plane.svg]
[demo.egenslab.com/html/tourxpro/demo/assets/images/icons/quote-review.svg]
[demo.egenslab.com/html/tourxpro/demo/assets/images/banner/banner-star1.svg]
[demo.egenslab.com/html/tourxpro/demo/assets/images/banner/banner-star2.svg]
[demo.egenslab.com/html/tourxpro/demo/assets/images/banner/banner-star3.svg]
[demo.egenslab.com/html/tourxpro/demo/assets/images/icons/pd1.svg]
[demo.egenslab.com/html/tourxpro/demo/assets/images/icons/pd2.svg]
[demo.egenslab.com/html/tourxpro/demo/assets/images/icons/pd3.svg]
[demo.egenslab.com/html/tourxpro/demo/assets/images/icons/pd4.svg]
[demo.egenslab.com/html/tourxpro/demo/assets/images/icons/bus.svg]
[demo.egenslab.com/html/tourxpro/demo/assets/images/icons/blogquote.svg]
